
2026-07-25T03:47:49.848Z - Error: Failed to generate itinerary. Please try again later.
Error: Failed to generate itinerary. Please try again later.
    at generateItinerary (file:///C:/ai%20travel%20planner/server/services/geminiService.js:154:11)
    at process.processTicksAndRejections (node:internal/process/task_queues:104:5)
    at async createTrip (file:///C:/ai%20travel%20planner/server/controllers/tripController.js:18:23)

2026-07-25T03:57:35.316Z - MongooseError: Operation `users.findOne()` buffering timed out after 10000ms
MongooseError: Operation `users.findOne()` buffering timed out after 10000ms
    at Timeout.<anonymous> (C:\ai travel planner\server\node_modules\mongoose\lib\drivers\node-mongodb-native\collection.js:187:23)
    at listOnTimeout (node:internal/timers:605:17)
    at process.processTimers (node:internal/timers:541:7)

2026-07-25T03:57:38.460Z - MongooseError: Operation `users.findOne()` buffering timed out after 10000ms
MongooseError: Operation `users.findOne()` buffering timed out after 10000ms
    at Timeout.<anonymous> (C:\ai travel planner\server\node_modules\mongoose\lib\drivers\node-mongodb-native\collection.js:187:23)
    at listOnTimeout (node:internal/timers:605:17)
    at process.processTimers (node:internal/timers:541:7)

2026-07-25T03:57:43.522Z - MongooseError: Operation `users.findOne()` buffering timed out after 10000ms
MongooseError: Operation `users.findOne()` buffering timed out after 10000ms
    at Timeout.<anonymous> (C:\ai travel planner\server\node_modules\mongoose\lib\drivers\node-mongodb-native\collection.js:187:23)
    at listOnTimeout (node:internal/timers:605:17)
    at process.processTimers (node:internal/timers:541:7)

2026-07-25T04:10:30.886Z - MongoServerSelectionError: getaddrinfo ENOTFOUND ac-c3omhlv-shard-00-00.ho6rs78.mongodb.net
MongoServerSelectionError: getaddrinfo ENOTFOUND ac-c3omhlv-shard-00-00.ho6rs78.mongodb.net
    at Topology.selectServer (C:\ai travel planner\server\node_modules\mongoose\node_modules\mongodb\lib\sdam\topology.js:327:38)
    at async tryOperation (C:\ai travel planner\server\node_modules\mongoose\node_modules\mongodb\lib\operations\execute_operation.js:148:18)
    at async executeOperation (C:\ai travel planner\server\node_modules\mongoose\node_modules\mongodb\lib\operations\execute_operation.js:78:16)
    at async FindCursor._initialize (C:\ai travel planner\server\node_modules\mongoose\node_modules\mongodb\lib\cursor\find_cursor.js:62:26)
    at async FindCursor.cursorInit (C:\ai travel planner\server\node_modules\mongoose\node_modules\mongodb\lib\cursor\abstract_cursor.js:632:27)
    at async FindCursor.fetchBatch (C:\ai travel planner\server\node_modules\mongoose\node_modules\mongodb\lib\cursor\abstract_cursor.js:666:13)
    at async FindCursor.next (C:\ai travel planner\server\node_modules\mongoose\node_modules\mongodb\lib\cursor\abstract_cursor.js:342:17)
    at async Collection.findOne (C:\ai travel planner\server\node_modules\mongoose\node_modules\mongodb\lib\collection.js:313:24)
    at async model.Query._findOne (C:\ai travel planner\server\node_modules\mongoose\lib\query.js:2710:15)
    at async model.Query.exec (C:\ai travel planner\server\node_modules\mongoose\lib\query.js:4627:63)

2026-07-25T04:10:50.886Z - MongoServerSelectionError: getaddrinfo ENOTFOUND ac-c3omhlv-shard-00-00.ho6rs78.mongodb.net
MongoServerSelectionError: getaddrinfo ENOTFOUND ac-c3omhlv-shard-00-00.ho6rs78.mongodb.net
    at Topology.selectServer (C:\ai travel planner\server\node_modules\mongoose\node_modules\mongodb\lib\sdam\topology.js:327:38)
    at async tryOperation (C:\ai travel planner\server\node_modules\mongoose\node_modules\mongodb\lib\operations\execute_operation.js:148:18)
    at async executeOperation (C:\ai travel planner\server\node_modules\mongoose\node_modules\mongodb\lib\operations\execute_operation.js:78:16)
    at async FindCursor._initialize (C:\ai travel planner\server\node_modules\mongoose\node_modules\mongodb\lib\cursor\find_cursor.js:62:26)
    at async FindCursor.cursorInit (C:\ai travel planner\server\node_modules\mongoose\node_modules\mongodb\lib\cursor\abstract_cursor.js:632:27)
    at async FindCursor.fetchBatch (C:\ai travel planner\server\node_modules\mongoose\node_modules\mongodb\lib\cursor\abstract_cursor.js:666:13)
    at async FindCursor.next (C:\ai travel planner\server\node_modules\mongoose\node_modules\mongodb\lib\cursor\abstract_cursor.js:342:17)
    at async Collection.findOne (C:\ai travel planner\server\node_modules\mongoose\node_modules\mongodb\lib\collection.js:313:24)
    at async model.Query._findOne (C:\ai travel planner\server\node_modules\mongoose\lib\query.js:2710:15)
    at async model.Query.exec (C:\ai travel planner\server\node_modules\mongoose\lib\query.js:4627:63)
